[ramp] connecting 62 slots over 30.0s
[ramp] 62/62 connected; refused=0 errors=0
[soak] 120.0s @ 1.0 checks/client/s
[soak] checks_sent=1550 items_recv=1550
[fanout] 18 subscribers, 1 setters, 20.0s
[fanout] samples=27918

===== RESULTS =====
{
  "config": {
    "slots": 63,
    "live": 62,
    "check_rate": 1.0,
    "soak_seconds": 120.0,
    "tracker_fraction": 0.3
  },
  "loop_health_probe_rtt_ms": {
    "p50": 112.53,
    "p95": 238.02,
    "p99": 1131.27,
    "max": 2545.81,
    "n": 115
  },
  "routing_latency_ms": {
    "p50": 121.87,
    "p95": 1808.77,
    "p99": 2222.75,
    "n": 25
  },
  "fanout_latency_ms": {
    "p50": 140.06,
    "p95": 269.02,
    "p99": 549.59,
    "n": 27918
  },
  "reconnect": {
    "time_to_connected_ms_p95": null,
    "backlog_items_p95": null,
    "n": 0
  },
  "throughput": {
    "checks_sent": 1550,
    "items_recv": 1550
  },
  "errors": 0,
  "refused": 0
}

wrote C:\Users\alari\Documents\Archipelago\go_ceiling_results\r1000_20260629_165744_g04.json (includes per-tick timeseries for plotting lag/RSS/CPU)
