[ramp] connecting 124 slots over 30.0s
[ramp] 124/124 connected; refused=0 errors=0
[soak] 120.0s @ 1.0 checks/client/s
[soak] checks_sent=3100 items_recv=3100
[fanout] 37 subscribers, 2 setters, 20.0s
[fanout] samples=97939

===== RESULTS =====
{
  "config": {
    "slots": 125,
    "live": 124,
    "check_rate": 1.0,
    "soak_seconds": 120.0,
    "tracker_fraction": 0.3
  },
  "loop_health_probe_rtt_ms": {
    "p50": 112.12,
    "p95": 277.25,
    "p99": 553.33,
    "max": 822.73,
    "n": 117
  },
  "routing_latency_ms": {
    "p50": null,
    "p95": null,
    "p99": null,
    "n": 0
  },
  "fanout_latency_ms": {
    "p50": 324.19,
    "p95": 711.92,
    "p99": 925.04,
    "n": 97939
  },
  "reconnect": {
    "time_to_connected_ms_p95": null,
    "backlog_items_p95": null,
    "n": 0
  },
  "throughput": {
    "checks_sent": 3100,
    "items_recv": 3100
  },
  "errors": 0,
  "refused": 0
}

wrote C:\Users\alari\Documents\Archipelago\go_ceiling_results\r2000_20260629_165744_g14.json (includes per-tick timeseries for plotting lag/RSS/CPU)
