[ramp] connecting 124 slots over 30.0s
[ramp] 124/124 connected; refused=0 errors=0
[soak] 120.0s @ 1.0 checks/client/s
[soak] checks_sent=3100 items_recv=3100
[fanout] 37 subscribers, 2 setters, 20.0s
[fanout] samples=98013

===== RESULTS =====
{
  "config": {
    "slots": 125,
    "live": 124,
    "check_rate": 1.0,
    "soak_seconds": 120.0,
    "tracker_fraction": 0.3
  },
  "loop_health_probe_rtt_ms": {
    "p50": 112.55,
    "p95": 268.42,
    "p99": 467.16,
    "max": 699.32,
    "n": 116
  },
  "routing_latency_ms": {
    "p50": 113.58,
    "p95": 118.53,
    "p99": 212.24,
    "n": 25
  },
  "fanout_latency_ms": {
    "p50": 331.01,
    "p95": 718.67,
    "p99": 954.11,
    "n": 98013
  },
  "reconnect": {
    "time_to_connected_ms_p95": null,
    "backlog_items_p95": null,
    "n": 0
  },
  "throughput": {
    "checks_sent": 3100,
    "items_recv": 3100
  },
  "errors": 0,
  "refused": 0
}

wrote C:\Users\alari\Documents\Archipelago\go_ceiling_results\r2000_20260629_165744_g04.json (includes per-tick timeseries for plotting lag/RSS/CPU)
