[ramp] connecting 124 slots over 30.0s
[ramp] 124/124 connected; refused=0 errors=0
[soak] 120.0s @ 1.0 checks/client/s
[soak] checks_sent=3100 items_recv=3075
[fanout] 37 subscribers, 2 setters, 20.0s
[fanout] samples=98013

===== RESULTS =====
{
  "config": {
    "slots": 125,
    "live": 124,
    "check_rate": 1.0,
    "soak_seconds": 120.0,
    "tracker_fraction": 0.3
  },
  "loop_health_probe_rtt_ms": {
    "p50": 112.47,
    "p95": 311.92,
    "p99": 643.32,
    "max": 659.38,
    "n": 116
  },
  "routing_latency_ms": {
    "p50": null,
    "p95": null,
    "p99": null,
    "n": 0
  },
  "fanout_latency_ms": {
    "p50": 322.2,
    "p95": 688.42,
    "p99": 1001.89,
    "n": 98013
  },
  "reconnect": {
    "time_to_connected_ms_p95": null,
    "backlog_items_p95": null,
    "n": 0
  },
  "throughput": {
    "checks_sent": 3100,
    "items_recv": 3075
  },
  "errors": 0,
  "refused": 0
}

wrote C:\Users\alari\Documents\Archipelago\go_ceiling_results\r2000_20260629_165744_g00.json (includes per-tick timeseries for plotting lag/RSS/CPU)
