[ramp] connecting 249 slots over 30.0s
[ramp] 249/249 connected; refused=0 errors=0
[soak] 120.0s @ 1.0 checks/client/s
[soak] checks_sent=6225 items_recv=6225
[fanout] 74 subscribers, 4 setters, 20.0s
[fanout] samples=149120

===== RESULTS =====
{
  "config": {
    "slots": 250,
    "live": 249,
    "check_rate": 1.0,
    "soak_seconds": 120.0,
    "tracker_fraction": 0.3
  },
  "loop_health_probe_rtt_ms": {
    "p50": 111.07,
    "p95": 662.95,
    "p99": 936.51,
    "max": 1356.88,
    "n": 107
  },
  "routing_latency_ms": {
    "p50": null,
    "p95": null,
    "p99": null,
    "n": 0
  },
  "fanout_latency_ms": {
    "p50": 6067.94,
    "p95": 10075.37,
    "p99": 12178.73,
    "n": 151168
  },
  "reconnect": {
    "time_to_connected_ms_p95": null,
    "backlog_items_p95": null,
    "n": 0
  },
  "throughput": {
    "checks_sent": 6225,
    "items_recv": 6225
  },
  "errors": 0,
  "refused": 0
}

wrote C:\Users\alari\Documents\Archipelago\go_ceiling_results\r4000_20260629_165744_g04.json (includes per-tick timeseries for plotting lag/RSS/CPU)
