[ramp] connecting 249 slots over 30.0s
[ramp] 249/249 connected; refused=0 errors=0
[soak] 120.0s @ 1.0 checks/client/s
[soak] checks_sent=6225 items_recv=6225
[fanout] 74 subscribers, 4 setters, 20.0s
[fanout] samples=145537

===== RESULTS =====
{
  "config": {
    "slots": 250,
    "live": 249,
    "check_rate": 1.0,
    "soak_seconds": 120.0,
    "tracker_fraction": 0.3
  },
  "loop_health_probe_rtt_ms": {
    "p50": 112.44,
    "p95": 554.4,
    "p99": 1100.18,
    "max": 1294.29,
    "n": 109
  },
  "routing_latency_ms": {
    "p50": null,
    "p95": null,
    "p99": null,
    "n": 0
  },
  "fanout_latency_ms": {
    "p50": 5389.66,
    "p95": 12069.23,
    "p99": 15115.72,
    "n": 151328
  },
  "reconnect": {
    "time_to_connected_ms_p95": null,
    "backlog_items_p95": null,
    "n": 0
  },
  "throughput": {
    "checks_sent": 6225,
    "items_recv": 6225
  },
  "errors": 0,
  "refused": 0
}

wrote C:\Users\alari\Documents\Archipelago\go_ceiling_results\r4000_20260629_165744_g15.json (includes per-tick timeseries for plotting lag/RSS/CPU)
