[ramp] connecting 499 slots over 30.0s
[ramp] 498/499 connected; refused=0 errors=1
[soak] 120.0s @ 1.0 checks/client/s
[soak] checks_sent=12450 items_recv=12046
[fanout] 149 subscribers, 9 setters, 20.0s
[fanout] samples=215429

===== RESULTS =====
{
  "config": {
    "slots": 500,
    "live": 498,
    "check_rate": 1.0,
    "soak_seconds": 120.0,
    "tracker_fraction": 0.3
  },
  "loop_health_probe_rtt_ms": {
    "p50": 112.46,
    "p95": 1100.64,
    "p99": 2068.61,
    "max": 5000.0,
    "n": 106
  },
  "routing_latency_ms": {
    "p50": 121.49,
    "p95": 670.79,
    "p99": 1278.16,
    "n": 50
  },
  "fanout_latency_ms": {
    "p50": 8321.19,
    "p95": 16345.83,
    "p99": 18646.93,
    "n": 232574
  },
  "reconnect": {
    "time_to_connected_ms_p95": null,
    "backlog_items_p95": null,
    "n": 0
  },
  "throughput": {
    "checks_sent": 12450,
    "items_recv": 12466
  },
  "errors": 21,
  "refused": 0,
  "error_sample": [
    "bringup:TimeoutError",
    "P00499:ConnectionClosedError",
    "P00497:ConnectionClosedError",
    "P00467:ConnectionClosedError",
    "P00457:ConnectionClosedError"
  ]
}

wrote C:\Users\alari\Documents\Archipelago\go_ceiling_results\r8000_20260629_165744_g10.json (includes per-tick timeseries for plotting lag/RSS/CPU)
