[ramp] connecting 499 slots over 30.0s
[ramp] 499/499 connected; refused=0 errors=0
[soak] 120.0s @ 1.0 checks/client/s
[soak] checks_sent=12475 items_recv=11151
[fanout] 149 subscribers, 9 setters, 20.0s
[fanout] samples=215624

===== RESULTS =====
{
  "config": {
    "slots": 500,
    "live": 499,
    "check_rate": 1.0,
    "soak_seconds": 120.0,
    "tracker_fraction": 0.3
  },
  "loop_health_probe_rtt_ms": {
    "p50": 111.93,
    "p95": 1268.47,
    "p99": 2138.31,
    "max": 5000.0,
    "n": 106
  },
  "routing_latency_ms": {
    "p50": null,
    "p95": null,
    "p99": null,
    "n": 0
  },
  "fanout_latency_ms": {
    "p50": 8775.54,
    "p95": 18108.92,
    "p99": 20418.19,
    "n": 272316
  },
  "reconnect": {
    "time_to_connected_ms_p95": null,
    "backlog_items_p95": null,
    "n": 0
  },
  "throughput": {
    "checks_sent": 12475,
    "items_recv": 12438
  },
  "errors": 32,
  "refused": 0,
  "error_sample": [
    "P00464:ConnectionClosedError",
    "P00456:ConnectionClosedError",
    "P00438:ConnectionClosedError",
    "P00449:ConnectionClosedError",
    "P00443:ConnectionClosedError"
  ]
}

wrote C:\Users\alari\Documents\Archipelago\go_ceiling_results\r8000_20260629_165744_g04.json (includes per-tick timeseries for plotting lag/RSS/CPU)
