[ramp] connecting 499 slots over 30.0s
[ramp] 498/499 connected; refused=0 errors=1
[soak] 120.0s @ 1.0 checks/client/s
[soak] checks_sent=12450 items_recv=12437
[fanout] 149 subscribers, 9 setters, 20.0s
Traceback (most recent call last):
  File "C:\Users\alari\Documents\Archipelago\.venv\Lib\site-packages\websockets\legacy\protocol.py", line 953, in transfer_data
    message = await self.read_message()
              ^^^^^^^^^^^^^^^^^^^^^^^^^
  File "C:\Users\alari\Documents\Archipelago\.venv\Lib\site-packages\websockets\legacy\protocol.py", line 1023, in read_message
    frame = await self.read_data_frame(max_size=self.max_size)
            ^^^^^^^^^^^^^^^^^^^^^^^^^^^^^^^^^^^^^^^^^^^^^^^^^^
  File "C:\Users\alari\Documents\Archipelago\.venv\Lib\site-packages\websockets\legacy\protocol.py", line 1098, in read_data_frame
    frame = await self.read_frame(max_size)
            ^^^^^^^^^^^^^^^^^^^^^^^^^^^^^^^
  File "C:\Users\alari\Documents\Archipelago\.venv\Lib\site-packages\websockets\legacy\protocol.py", line 1155, in read_frame
    frame = await Frame.read(
            ^^^^^^^^^^^^^^^^^
    ...<4 lines>...
    )
    ^
  File "C:\Users\alari\Documents\Archipelago\.venv\Lib\site-packages\websockets\legacy\framing.py", line 70, in read
    data = await reader(2)
           ^^^^^^^^^^^^^^^
  File "C:\Program Files\WindowsApps\PythonSoftwareFoundation.Python.3.13_3.13.3824.0_x64__qbz5n2kfra8p0\Lib\asyncio\streams.py", line 758, in readexactly
    raise self._exception
  File "C:\Program Files\WindowsApps\PythonSoftwareFoundation.Python.3.13_3.13.3824.0_x64__qbz5n2kfra8p0\Lib\asyncio\proactor_events.py", line 306, in _loop_reading
    self._read_fut = self._loop._proactor.recv_into(self._sock, self._data)
                     ~~~~~~~~~~~~~~~~~~~~~~~~~~~~~~^^^^^^^^^^^^^^^^^^^^^^^^
  File "C:\Program Files\WindowsApps\PythonSoftwareFoundation.Python.3.13_3.13.3824.0_x64__qbz5n2kfra8p0\Lib\asyncio\windows_events.py", line 501, in recv_into
    ov.WSARecvInto(conn.fileno(), buf, flags)
    ~~~~~~~~~~~~~~^^^^^^^^^^^^^^^^^^^^^^^^^^^
ConnectionResetError: [WinError 10054] An existing connection was forcibly closed by the remote host

The above exception was the direct cause of the following exception:

Traceback (most recent call last):
  File "C:\Users\alari\Documents\Archipelago\ap_loadtest.py", line 406, in <module>
    main()
    ~~~~^^
  File "C:\Users\alari\Documents\Archipelago\ap_loadtest.py", line 402, in main
    asyncio.run(run(args))
    ~~~~~~~~~~~^^^^^^^^^^^
  File "C:\Program Files\WindowsApps\PythonSoftwareFoundation.Python.3.13_3.13.3824.0_x64__qbz5n2kfra8p0\Lib\asyncio\runners.py", line 196, in run
    return runner.run(main)
           ~~~~~~~~~~^^^^^^
  File "C:\Program Files\WindowsApps\PythonSoftwareFoundation.Python.3.13_3.13.3824.0_x64__qbz5n2kfra8p0\Lib\asyncio\runners.py", line 119, in run
    return self._loop.run_until_complete(task)
           ~~~~~~~~~~~~~~~~~~~~~~~~~~~~~^^^^^^
  File "C:\Program Files\WindowsApps\PythonSoftwareFoundation.Python.3.13_3.13.3824.0_x64__qbz5n2kfra8p0\Lib\asyncio\base_events.py", line 725, in run_until_complete
    return future.result()
           ~~~~~~~~~~~~~^^
  File "C:\Users\alari\Documents\Archipelago\ap_loadtest.py", line 309, in run
    await asyncio.gather(*(setdriver(c) for c in setters))
  File "C:\Users\alari\Documents\Archipelago\ap_loadtest.py", line 307, in setdriver
    await c.set_key(key)
  File "C:\Users\alari\Documents\Archipelago\ap_loadtest.py", line 156, in set_key
    await self._send({"cmd": "Set", "key": key, "default": 0, "want_reply": True,
                      "operations": [{"operation": "replace", "value": self.loop.time()}]})
  File "C:\Users\alari\Documents\Archipelago\ap_loadtest.py", line 99, in _send
    await self.ws.send(json.dumps(list(cmds)))
  File "C:\Users\alari\Documents\Archipelago\.venv\Lib\site-packages\websockets\legacy\protocol.py", line 628, in send
    await self.ensure_open()
  File "C:\Users\alari\Documents\Archipelago\.venv\Lib\site-packages\websockets\legacy\protocol.py", line 929, in ensure_open
    raise self.connection_closed_exc()
websockets.exceptions.ConnectionClosedError: no close frame received or sent
