[ramp] connecting 499 slots over 30.0s
[ramp] 498/499 connected; refused=0 errors=1
[soak] 120.0s @ 1.0 checks/client/s
[soak] checks_sent=12450 items_recv=11235
[fanout] 149 subscribers, 9 setters, 20.0s
[fanout] samples=233798

===== RESULTS =====
{
  "config": {
    "slots": 500,
    "live": 498,
    "check_rate": 1.0,
    "soak_seconds": 120.0,
    "tracker_fraction": 0.3
  },
  "loop_health_probe_rtt_ms": {
    "p50": 112.3,
    "p95": 1000.58,
    "p99": 1492.63,
    "max": 5000.0,
    "n": 107
  },
  "routing_latency_ms": {
    "p50": null,
    "p95": null,
    "p99": null,
    "n": 0
  },
  "fanout_latency_ms": {
    "p50": 8290.39,
    "p95": 17879.26,
    "p99": 20317.16,
    "n": 281553
  },
  "reconnect": {
    "time_to_connected_ms_p95": null,
    "backlog_items_p95": null,
    "n": 0
  },
  "throughput": {
    "checks_sent": 12450,
    "items_recv": 12420
  },
  "errors": 1,
  "refused": 0,
  "error_sample": [
    "bringup:TimeoutError"
  ]
}

wrote C:\Users\alari\Documents\Archipelago\go_ceiling_results\r8000_20260629_165744_g12.json (includes per-tick timeseries for plotting lag/RSS/CPU)
