[ramp] connecting 499 slots over 30.0s
[ramp] 499/499 connected; refused=0 errors=0
[soak] 120.0s @ 1.0 checks/client/s
[soak] checks_sent=12475 items_recv=11327
[fanout] 149 subscribers, 9 setters, 20.0s
[fanout] samples=240244

===== RESULTS =====
{
  "config": {
    "slots": 500,
    "live": 499,
    "check_rate": 1.0,
    "soak_seconds": 120.0,
    "tracker_fraction": 0.3
  },
  "loop_health_probe_rtt_ms": {
    "p50": 112.14,
    "p95": 845.36,
    "p99": 1678.82,
    "max": 5000.0,
    "n": 107
  },
  "routing_latency_ms": {
    "p50": null,
    "p95": null,
    "p99": null,
    "n": 0
  },
  "fanout_latency_ms": {
    "p50": 8887.16,
    "p95": 17671.73,
    "p99": 20065.47,
    "n": 288091
  },
  "reconnect": {
    "time_to_connected_ms_p95": null,
    "backlog_items_p95": null,
    "n": 0
  },
  "throughput": {
    "checks_sent": 12475,
    "items_recv": 12457
  },
  "errors": 32,
  "refused": 0,
  "error_sample": [
    "P00497:ConnectionClosedError",
    "P00496:ConnectionClosedError",
    "P00478:ConnectionClosedError",
    "P00458:ConnectionClosedError",
    "P00445:ConnectionClosedError"
  ]
}

wrote C:\Users\alari\Documents\Archipelago\go_ceiling_results\r8000_20260629_165744_g09.json (includes per-tick timeseries for plotting lag/RSS/CPU)
