[ramp] connecting 499 slots over 30.0s
[ramp] 499/499 connected; refused=0 errors=0
[soak] 120.0s @ 1.0 checks/client/s
[soak] checks_sent=12475 items_recv=11886
[fanout] 149 subscribers, 9 setters, 20.0s
[fanout] samples=219974

===== RESULTS =====
{
  "config": {
    "slots": 500,
    "live": 499,
    "check_rate": 1.0,
    "soak_seconds": 120.0,
    "tracker_fraction": 0.3
  },
  "loop_health_probe_rtt_ms": {
    "p50": 113.1,
    "p95": 987.19,
    "p99": 2046.27,
    "max": 5000.0,
    "n": 106
  },
  "routing_latency_ms": {
    "p50": null,
    "p95": null,
    "p99": null,
    "n": 0
  },
  "fanout_latency_ms": {
    "p50": 7357.48,
    "p95": 16934.4,
    "p99": 18869.91,
    "n": 249840
  },
  "reconnect": {
    "time_to_connected_ms_p95": null,
    "backlog_items_p95": null,
    "n": 0
  },
  "throughput": {
    "checks_sent": 12475,
    "items_recv": 12461
  },
  "errors": 43,
  "refused": 0,
  "error_sample": [
    "P00490:ConnectionClosedError",
    "P00496:ConnectionClosedError",
    "P00494:ConnectionClosedError",
    "P00461:ConnectionClosedError",
    "P00435:ConnectionClosedError"
  ]
}

wrote C:\Users\alari\Documents\Archipelago\go_ceiling_results\r8000_20260629_165744_g14.json (includes per-tick timeseries for plotting lag/RSS/CPU)
