[ramp] connecting 499 slots over 30.0s
[ramp] 499/499 connected; refused=0 errors=0
[soak] 120.0s @ 1.0 checks/client/s
[soak] checks_sent=12475 items_recv=11407
[fanout] 149 subscribers, 9 setters, 20.0s
[fanout] samples=216781

===== RESULTS =====
{
  "config": {
    "slots": 500,
    "live": 499,
    "check_rate": 1.0,
    "soak_seconds": 120.0,
    "tracker_fraction": 0.3
  },
  "loop_health_probe_rtt_ms": {
    "p50": 111.82,
    "p95": 1006.24,
    "p99": 2449.68,
    "max": 5000.0,
    "n": 106
  },
  "routing_latency_ms": {
    "p50": null,
    "p95": null,
    "p99": null,
    "n": 0
  },
  "fanout_latency_ms": {
    "p50": 8509.78,
    "p95": 18075.51,
    "p99": 20685.47,
    "n": 264412
  },
  "reconnect": {
    "time_to_connected_ms_p95": null,
    "backlog_items_p95": null,
    "n": 0
  },
  "throughput": {
    "checks_sent": 12475,
    "items_recv": 12456
  },
  "errors": 56,
  "refused": 0,
  "error_sample": [
    "P00498:ConnectionClosedError",
    "P00496:ConnectionClosedError",
    "P00499:ConnectionClosedError",
    "P00476:ConnectionClosedError",
    "P00433:ConnectionClosedError"
  ]
}

wrote C:\Users\alari\Documents\Archipelago\go_ceiling_results\r8000_20260629_165744_g03.json (includes per-tick timeseries for plotting lag/RSS/CPU)
