[ramp] connecting 99 slots over 30.0s
[ramp] 99/99 connected; refused=0 errors=0
[soak] 180.0s @ 1.0 checks/client/s
[soak] checks_sent=2475 items_recv=2134
[fanout] 29 subscribers, 1 setters, 20.0s
[fanout] samples=0
[reconnect] dropping 24 and rejoining simultaneously
[reconnect] reconnect samples=24

===== RESULTS =====
{
  "config": {
    "slots": 100,
    "live": 99,
    "check_rate": 1.0,
    "soak_seconds": 180.0,
    "tracker_fraction": 0.3
  },
  "loop_health_probe_rtt_ms": {
    "p50": 1.75,
    "p95": 2626.14,
    "p99": 5000.0,
    "max": 5000.0,
    "n": 101
  },
  "routing_latency_ms": {
    "p50": 580.51,
    "p95": 31057.96,
    "p99": 38329.44,
    "n": 2428
  },
  "fanout_latency_ms": {
    "p50": 17175.91,
    "p95": 22752.65,
    "p99": 23363.71,
    "n": 320
  },
  "reconnect": {
    "time_to_connected_ms_p95": 6559.18,
    "backlog_items_p95": 584.4000000000001,
    "n": 24
  },
  "throughput": {
    "checks_sent": 2475,
    "items_recv": 2948
  },
  "errors": 10,
  "refused": 0,
  "error_sample": [
    "I05P0041:ConnectionClosedError",
    "I05P0042:ConnectionClosedError",
    "I05P0043:ConnectionClosedError",
    "I05P0044:ConnectionClosedError",
    "I05P0045:ConnectionClosedError"
  ]
}

wrote C:\Users\alari\Documents\Archipelago\federation_results\results_20260629_141307_I05.json (includes per-tick timeseries for plotting lag/RSS/CPU)
