[ramp] connecting 99 slots over 30.0s
[ramp] 99/99 connected; refused=0 errors=0
[soak] 180.0s @ 1.0 checks/client/s
[soak] checks_sent=2475 items_recv=2091
[fanout] 29 subscribers, 1 setters, 20.0s
[fanout] samples=0
[reconnect] dropping 24 and rejoining simultaneously
[reconnect] reconnect samples=24

===== RESULTS =====
{
  "config": {
    "slots": 100,
    "live": 99,
    "check_rate": 1.0,
    "soak_seconds": 180.0,
    "tracker_fraction": 0.3
  },
  "loop_health_probe_rtt_ms": {
    "p50": 1.81,
    "p95": 2953.43,
    "p99": 5000.0,
    "max": 5000.0,
    "n": 102
  },
  "routing_latency_ms": {
    "p50": 563.22,
    "p95": 31309.78,
    "p99": 39014.1,
    "n": 2425
  },
  "fanout_latency_ms": {
    "p50": 19427.44,
    "p95": 27528.74,
    "p99": 28340.44,
    "n": 435
  },
  "reconnect": {
    "time_to_connected_ms_p95": 6885.75,
    "backlog_items_p95": 582.5000000000001,
    "n": 24
  },
  "throughput": {
    "checks_sent": 2475,
    "items_recv": 2942
  },
  "errors": 0,
  "refused": 0
}

wrote C:\Users\alari\Documents\Archipelago\federation_results\results_20260629_141307_I09.json (includes per-tick timeseries for plotting lag/RSS/CPU)
