[ramp] connecting 99 slots over 30.0s
[ramp] 99/99 connected; refused=0 errors=0
[soak] 180.0s @ 1.0 checks/client/s
[soak] checks_sent=2475 items_recv=2139
[fanout] 29 subscribers, 1 setters, 20.0s
[fanout] samples=11
[reconnect] dropping 24 and rejoining simultaneously
[reconnect] reconnect samples=24

===== RESULTS =====
{
  "config": {
    "slots": 100,
    "live": 99,
    "check_rate": 1.0,
    "soak_seconds": 180.0,
    "tracker_fraction": 0.3
  },
  "loop_health_probe_rtt_ms": {
    "p50": 2.31,
    "p95": 2492.61,
    "p99": 5000.0,
    "max": 5000.0,
    "n": 109
  },
  "routing_latency_ms": {
    "p50": 654.94,
    "p95": 24051.22,
    "p99": 39405.71,
    "n": 2426
  },
  "fanout_latency_ms": {
    "p50": 16483.68,
    "p95": 22117.69,
    "p99": 23227.11,
    "n": 341
  },
  "reconnect": {
    "time_to_connected_ms_p95": 9206.86,
    "backlog_items_p95": 581.5,
    "n": 24
  },
  "throughput": {
    "checks_sent": 2475,
    "items_recv": 2988
  },
  "errors": 0,
  "refused": 0
}

wrote C:\Users\alari\Documents\Archipelago\federation_results\results_20260629_141307_I04.json (includes per-tick timeseries for plotting lag/RSS/CPU)
