[ramp] connecting 99 slots over 30.0s
[ramp] 99/99 connected; refused=0 errors=0
[soak] 180.0s @ 1.0 checks/client/s
[soak] checks_sent=2475 items_recv=2132
[fanout] 29 subscribers, 1 setters, 20.0s
[fanout] samples=0
[reconnect] dropping 24 and rejoining simultaneously
[reconnect] reconnect samples=24

===== RESULTS =====
{
  "config": {
    "slots": 100,
    "live": 99,
    "check_rate": 1.0,
    "soak_seconds": 180.0,
    "tracker_fraction": 0.3
  },
  "loop_health_probe_rtt_ms": {
    "p50": 2.03,
    "p95": 2234.03,
    "p99": 5000.0,
    "max": 5000.0,
    "n": 105
  },
  "routing_latency_ms": {
    "p50": 675.41,
    "p95": 24913.41,
    "p99": 36785.74,
    "n": 2426
  },
  "fanout_latency_ms": {
    "p50": 12277.43,
    "p95": 19402.41,
    "p99": 19808.99,
    "n": 260
  },
  "reconnect": {
    "time_to_connected_ms_p95": 5610.68,
    "backlog_items_p95": 585.5500000000001,
    "n": 24
  },
  "throughput": {
    "checks_sent": 2475,
    "items_recv": 2979
  },
  "errors": 0,
  "refused": 0
}

wrote C:\Users\alari\Documents\Archipelago\federation_results\results_20260629_141307_I01.json (includes per-tick timeseries for plotting lag/RSS/CPU)
