[ramp] connecting 149 slots over 30.0s
[ramp] 149/149 connected; refused=0 errors=0
[soak] 180.0s @ 1.0 checks/client/s
[soak] checks_sent=3725 items_recv=3675
[fanout] 44 subscribers, 2 setters, 20.0s
[fanout] samples=8536
[reconnect] dropping 37 and rejoining simultaneously
[reconnect] reconnect samples=37

===== RESULTS =====
{
  "config": {
    "slots": 150,
    "live": 149,
    "check_rate": 1.0,
    "soak_seconds": 180.0,
    "tracker_fraction": 0.3
  },
  "loop_health_probe_rtt_ms": {
    "p50": 1.55,
    "p95": 542.91,
    "p99": 946.64,
    "max": 1287.31,
    "n": 137
  },
  "routing_latency_ms": {
    "p50": 851.85,
    "p95": 1329.35,
    "p99": 1408.59,
    "n": 3675
  },
  "fanout_latency_ms": {
    "p50": 7.67,
    "p95": 12.59,
    "p99": 14.0,
    "n": 8536
  },
  "reconnect": {
    "time_to_connected_ms_p95": 2440.09,
    "backlog_items_p95": 913.0,
    "n": 37
  },
  "throughput": {
    "checks_sent": 3725,
    "items_recv": 4588
  },
  "errors": 0,
  "refused": 0
}

wrote C:\Users\alari\Documents\Archipelago\federation_results\results_20260629_140851_I04.json (includes per-tick timeseries for plotting lag/RSS/CPU)
