[ramp] connecting 99 slots over 30.0s
[ramp] 99/99 connected; refused=0 errors=0
[soak] 180.0s @ 1.0 checks/client/s
[soak] checks_sent=2475 items_recv=2078
[fanout] 29 subscribers, 1 setters, 20.0s
[fanout] samples=0
[reconnect] dropping 24 and rejoining simultaneously
[reconnect] reconnect samples=24

===== RESULTS =====
{
  "config": {
    "slots": 100,
    "live": 99,
    "check_rate": 1.0,
    "soak_seconds": 180.0,
    "tracker_fraction": 0.3
  },
  "loop_health_probe_rtt_ms": {
    "p50": 1.77,
    "p95": 2941.55,
    "p99": 5000.0,
    "max": 5000.0,
    "n": 102
  },
  "routing_latency_ms": {
    "p50": 562.73,
    "p95": 30827.18,
    "p99": 38259.18,
    "n": 2425
  },
  "fanout_latency_ms": {
    "p50": 19257.48,
    "p95": 26945.35,
    "p99": 28018.96,
    "n": 425
  },
  "reconnect": {
    "time_to_connected_ms_p95": 7028.7,
    "backlog_items_p95": 576.25,
    "n": 24
  },
  "throughput": {
    "checks_sent": 2475,
    "items_recv": 2943
  },
  "errors": 0,
  "refused": 0
}

wrote C:\Users\alari\Documents\Archipelago\federation_results\results_20260629_141307_I07.json (includes per-tick timeseries for plotting lag/RSS/CPU)
