[ramp] connecting 99 slots over 30.0s
[ramp] 99/99 connected; refused=0 errors=0
[soak] 180.0s @ 1.0 checks/client/s
[soak] checks_sent=2475 items_recv=2140
[fanout] 29 subscribers, 1 setters, 20.0s
[fanout] samples=0
[reconnect] dropping 24 and rejoining simultaneously
[reconnect] reconnect samples=24

===== RESULTS =====
{
  "config": {
    "slots": 100,
    "live": 99,
    "check_rate": 1.0,
    "soak_seconds": 180.0,
    "tracker_fraction": 0.3
  },
  "loop_health_probe_rtt_ms": {
    "p50": 2.38,
    "p95": 2880.41,
    "p99": 5000.0,
    "max": 5000.0,
    "n": 108
  },
  "routing_latency_ms": {
    "p50": 710.49,
    "p95": 23483.23,
    "p99": 27905.0,
    "n": 2427
  },
  "fanout_latency_ms": {
    "p50": 17518.93,
    "p95": 25061.89,
    "p99": 25708.79,
    "n": 380
  },
  "reconnect": {
    "time_to_connected_ms_p95": 9717.91,
    "backlog_items_p95": 586.0,
    "n": 24
  },
  "throughput": {
    "checks_sent": 2475,
    "items_recv": 2995
  },
  "errors": 0,
  "refused": 0
}

wrote C:\Users\alari\Documents\Archipelago\federation_results\results_20260629_141307_I00.json (includes per-tick timeseries for plotting lag/RSS/CPU)
