[ramp] connecting 99 slots over 30.0s
[ramp] 99/99 connected; refused=0 errors=0
[soak] 180.0s @ 1.0 checks/client/s
[soak] checks_sent=2475 items_recv=2040
[fanout] 29 subscribers, 1 setters, 20.0s
[fanout] samples=0
[reconnect] dropping 24 and rejoining simultaneously
[reconnect] reconnect samples=24

===== RESULTS =====
{
  "config": {
    "slots": 100,
    "live": 99,
    "check_rate": 1.0,
    "soak_seconds": 180.0,
    "tracker_fraction": 0.3
  },
  "loop_health_probe_rtt_ms": {
    "p50": 1.84,
    "p95": 3242.32,
    "p99": 5000.0,
    "max": 5000.0,
    "n": 98
  },
  "routing_latency_ms": {
    "p50": 563.08,
    "p95": 31300.57,
    "p99": 38711.9,
    "n": 2426
  },
  "fanout_latency_ms": {
    "p50": 19432.1,
    "p95": 27188.76,
    "p99": 28722.88,
    "n": 410
  },
  "reconnect": {
    "time_to_connected_ms_p95": 5369.61,
    "backlog_items_p95": 558.0,
    "n": 24
  },
  "throughput": {
    "checks_sent": 2475,
    "items_recv": 2936
  },
  "errors": 15,
  "refused": 0,
  "error_sample": [
    "I08P0040:ConnectionClosedError",
    "I08P0041:ConnectionClosedError",
    "I08P0042:ConnectionClosedError",
    "I08P0043:ConnectionClosedError",
    "I08P0044:ConnectionClosedError"
  ]
}

wrote C:\Users\alari\Documents\Archipelago\federation_results\results_20260629_141307_I08.json (includes per-tick timeseries for plotting lag/RSS/CPU)
