[ramp] connecting 149 slots over 30.0s
[ramp] 149/149 connected; refused=0 errors=0
[soak] 180.0s @ 1.0 checks/client/s
[soak] checks_sent=3725 items_recv=3675
[fanout] 44 subscribers, 2 setters, 20.0s
[fanout] samples=8536
[reconnect] dropping 37 and rejoining simultaneously
[reconnect] reconnect samples=37

===== RESULTS =====
{
  "config": {
    "slots": 150,
    "live": 149,
    "check_rate": 1.0,
    "soak_seconds": 180.0,
    "tracker_fraction": 0.3
  },
  "loop_health_probe_rtt_ms": {
    "p50": 1.67,
    "p95": 628.21,
    "p99": 737.93,
    "max": 928.27,
    "n": 137
  },
  "routing_latency_ms": {
    "p50": 810.14,
    "p95": 1194.05,
    "p99": 1379.31,
    "n": 3675
  },
  "fanout_latency_ms": {
    "p50": 7.88,
    "p95": 13.89,
    "p99": 16.65,
    "n": 8536
  },
  "reconnect": {
    "time_to_connected_ms_p95": 2281.73,
    "backlog_items_p95": 916.0,
    "n": 37
  },
  "throughput": {
    "checks_sent": 3725,
    "items_recv": 4591
  },
  "errors": 0,
  "refused": 0
}

wrote C:\Users\alari\Documents\Archipelago\federation_results\results_20260629_140851_I03.json (includes per-tick timeseries for plotting lag/RSS/CPU)
